#-----------------------------------------------------------
# Vivado v2022.1 (64-bit)
# SW Build 3526262 on Mon Apr 18 15:48:16 MDT 2022
# IP Build 3524634 on Mon Apr 18 20:55:01 MDT 2022
# Start of session at: Mon Oct 10 22:26:20 2022
# Process ID: 11744
# Current directory: C:/Users/spixy/Documents/00_Github/SeniorCapstone/Milestone3/Milestone3.runs/ButtonTest_auto_ds_1_synth_1
# Command line: vivado.exe -log ButtonTest_auto_ds_1.vds -product Vivado -mode batch -messageDb vivado.pb -notrace -source ButtonTest_auto_ds_1.tcl
# Log file: C:/Users/spixy/Documents/00_Github/SeniorCapstone/Milestone3/Milestone3.runs/ButtonTest_auto_ds_1_synth_1/ButtonTest_auto_ds_1.vds
# Journal file: C:/Users/spixy/Documents/00_Github/SeniorCapstone/Milestone3/Milestone3.runs/ButtonTest_auto_ds_1_synth_1\vivado.jou
# Running On: DESKTOP-8DKIKNE, OS: Windows, CPU Frequency: 3493 MHz, CPU Physical cores: 32, Host memory: 34299 MB
#-----------------------------------------------------------
source ButtonTest_auto_ds_1.tcl -notrace
