02:41:06 **** Incremental Build of configuration Debug for project Zybo_LCD_cpp ****
make all 
make --no-print-directory pre-build
a9-linaro-pre-build-step
 
make --no-print-directory main-build
Building file: ../src/LCD.cpp
Invoking: ARM v7 g++ compiler
arm-none-eabi-g++ -Wall -O0 -g3 -c -fmessage-length=0 -MT"src/LCD.o" -mcpu=cortex-a9 -mfpu=vfpv3 -mfloat-abi=hard -I/home/cekp/Desktop/GitHub/SeniorCapstone/FPGA_Imp/VitisPrjs/Zybo_LCD/Zybo_LCD/export/Zybo_LCD/sw/Zybo_LCD/standalone_ps7_cortexa9_0/bspinclude/include -MMD -MP -MF"src/LCD.d" -MT"src/LCD.o" -o "src/LCD.o" "../src/LCD.cpp"
Finished building: ../src/LCD.cpp
 
Building file: ../src/main.cpp
Invoking: ARM v7 g++ compiler
arm-none-eabi-g++ -Wall -O0 -g3 -c -fmessage-length=0 -MT"src/main.o" -mcpu=cortex-a9 -mfpu=vfpv3 -mfloat-abi=hard -I/home/cekp/Desktop/GitHub/SeniorCapstone/FPGA_Imp/VitisPrjs/Zybo_LCD/Zybo_LCD/export/Zybo_LCD/sw/Zybo_LCD/standalone_ps7_cortexa9_0/bspinclude/include -MMD -MP -MF"src/main.d" -MT"src/main.o" -o "src/main.o" "../src/main.cpp"
Finished building: ../src/main.cpp
 
Building target: Zybo_LCD_cpp.elf
Invoking: ARM v7 g++ linker
arm-none-eabi-g++ -mcpu=cortex-a9 -mfpu=vfpv3 -mfloat-abi=hard -Wl,-build-id=none -specs=Xilinx.spec -Wl,-T -Wl,../src/lscript.ld -L/home/cekp/Desktop/GitHub/SeniorCapstone/FPGA_Imp/VitisPrjs/Zybo_LCD/Zybo_LCD/export/Zybo_LCD/sw/Zybo_LCD/standalone_ps7_cortexa9_0/bsplib/lib -o "Zybo_LCD_cpp.elf"  ./src/LCD.o ./src/main.o   -Wl,--start-group,-lxil,-lgcc,-lc,-lstdc++,--end-group
Finished building target: Zybo_LCD_cpp.elf
 
Invoking: ARM v7 Print Size
arm-none-eabi-size Zybo_LCD_cpp.elf  |tee "Zybo_LCD_cpp.elf.size"
   text	   data	    bss	    dec	    hex	filename
 553931	   2836	  29120	 585887	  8f09f	Zybo_LCD_cpp.elf
Finished building: Zybo_LCD_cpp.elf.size
 

02:41:07 Build Finished (took 948ms)

