#-----------------------------------------------------------
# Vivado v2022.1.2 (64-bit)
# SW Build 3605665 on Fri Aug  5 22:53:37 MDT 2022
# IP Build 3603185 on Sat Aug  6 04:07:44 MDT 2022
# Start of session at: Wed Dec 14 21:14:47 2022
# Process ID: 35832
# Current directory: C:/Users/spixy/Documents/00_Github/SeniorCapstone/FPGA_Imp/VivadoPrjs/Zybo_System/Zybo_System.runs/synth_1
# Command line: vivado.exe -log System_wrapper.vds -product Vivado -mode batch -messageDb vivado.pb -notrace -source System_wrapper.tcl
# Log file: C:/Users/spixy/Documents/00_Github/SeniorCapstone/FPGA_Imp/VivadoPrjs/Zybo_System/Zybo_System.runs/synth_1/System_wrapper.vds
# Journal file: C:/Users/spixy/Documents/00_Github/SeniorCapstone/FPGA_Imp/VivadoPrjs/Zybo_System/Zybo_System.runs/synth_1\vivado.jou
# Running On: DESKTOP-8DKIKNE, OS: Windows, CPU Frequency: 3493 MHz, CPU Physical cores: 32, Host memory: 34299 MB
#-----------------------------------------------------------
source System_wrapper.tcl -notrace
