Nothing to build in platform 'Zybo_Keyboard'

02:43:53 **** Incremental Build of configuration Debug for project Zybo_Keyboard_app ****
make all 
make --no-print-directory pre-build
a9-linaro-pre-build-step
 
make --no-print-directory main-build
Building file: ../src/PS2.cpp
Invoking: ARM v7 g++ compiler
arm-none-eabi-g++ -Wall -O0 -g3 -c -fmessage-length=0 -MT"src/PS2.o" -mcpu=cortex-a9 -mfpu=vfpv3 -mfloat-abi=hard -I/home/cekp/Desktop/GitHub/SeniorCapstone/FPGA_Imp/VitisPrjs/Zybo_Keyboard/Zybo_Keyboard/export/Zybo_Keyboard/sw/Zybo_Keyboard/standalone_ps7_cortexa9_0/bspinclude/include -MMD -MP -MF"src/PS2.d" -MT"src/PS2.o" -o "src/PS2.o" "../src/PS2.cpp"
Finished building: ../src/PS2.cpp
 
Building file: ../src/main.cpp
Invoking: ARM v7 g++ compiler
arm-none-eabi-g++ -Wall -O0 -g3 -c -fmessage-length=0 -MT"src/main.o" -mcpu=cortex-a9 -mfpu=vfpv3 -mfloat-abi=hard -I/home/cekp/Desktop/GitHub/SeniorCapstone/FPGA_Imp/VitisPrjs/Zybo_Keyboard/Zybo_Keyboard/export/Zybo_Keyboard/sw/Zybo_Keyboard/standalone_ps7_cortexa9_0/bspinclude/include -MMD -MP -MF"src/main.d" -MT"src/main.o" -o "src/main.o" "../src/main.cpp"
Finished building: ../src/main.cpp
 
Building target: Zybo_Keyboard_app.elf
Invoking: ARM v7 g++ linker
arm-none-eabi-g++ -mcpu=cortex-a9 -mfpu=vfpv3 -mfloat-abi=hard -Wl,-build-id=none -specs=Xilinx.spec -Wl,-T -Wl,../src/lscript.ld -L/home/cekp/Desktop/GitHub/SeniorCapstone/FPGA_Imp/VitisPrjs/Zybo_Keyboard/Zybo_Keyboard/export/Zybo_Keyboard/sw/Zybo_Keyboard/standalone_ps7_cortexa9_0/bsplib/lib -o "Zybo_Keyboard_app.elf"  ./src/PS2.o ./src/main.o   -Wl,--start-group,-lxil,-lgcc,-lc,-lstdc++,--end-group
Finished building target: Zybo_Keyboard_app.elf
 
Invoking: ARM v7 Print Size
arm-none-eabi-size Zybo_Keyboard_app.elf  |tee "Zybo_Keyboard_app.elf.size"
   text	   data	    bss	    dec	    hex	filename
 553781	   3612	  29160	 586553	  8f339	Zybo_Keyboard_app.elf
Finished building: Zybo_Keyboard_app.elf.size
 
02:43:59 **** Incremental Build of configuration Debug for project Zybo_Keyboard_system ****
make all 
Generating bif file for the system project
Executing command '::scw::generate_bif -xpfm /home/cekp/Desktop/GitHub/SeniorCapstone/FPGA_Imp/VitisPrjs/Zybo_Keyboard/Zybo_Keyboard/export/Zybo_Keyboard/Zybo_Keyboard.xpfm -domains standalone_ps7_cortexa9_0 -bifpath /home/cekp/Desktop/GitHub/SeniorCapstone/FPGA_Imp/VitisPrjs/Zybo_Keyboard/Zybo_Keyboard_system/Debug/system.bif' on XSCT
sdcard_gen --xpfm /home/cekp/Desktop/GitHub/SeniorCapstone/FPGA_Imp/VitisPrjs/Zybo_Keyboard/Zybo_Keyboard/export/Zybo_Keyboard/Zybo_Keyboard.xpfm --sys_config Zybo_Keyboard --bif /home/cekp/Desktop/GitHub/SeniorCapstone/FPGA_Imp/VitisPrjs/Zybo_Keyboard/Zybo_Keyboard_system/Debug/system.bif --bitstream /home/cekp/Desktop/GitHub/SeniorCapstone/FPGA_Imp/VitisPrjs/Zybo_Keyboard/Zybo_Keyboard_app/_ide/bitstream/Zybo_Keyboard.bit --elf /home/cekp/Desktop/GitHub/SeniorCapstone/FPGA_Imp/VitisPrjs/Zybo_Keyboard/Zybo_Keyboard_app/Debug/Zybo_Keyboard_app.elf,ps7_cortexa9_0
creating BOOT.BIN using /home/cekp/Desktop/GitHub/SeniorCapstone/FPGA_Imp/VitisPrjs/Zybo_Keyboard/Zybo_Keyboard_app/_ide/bitstream/Zybo_Keyboard.bit
Running /tools/Xilinx/Vitis/2022.1/bin/bootgen  -image /home/cekp/Desktop/GitHub/SeniorCapstone/FPGA_Imp/VitisPrjs/Zybo_Keyboard/Zybo_Keyboard_system/Debug/sd_card_temp/boot.bif -w -o i BOOT.BIN
